// Jest Snapshot v1, https://goo.gl/fbAQLP

exports[`Button renders with default type 1`] = `
<button
  className=""
  type="button"
>
  Text
</button>
`;
